-I: Adding <AMBERHOME>/dat/leap/prep to search path.
-I: Adding <AMBERHOME>/dat/leap/lib to search path.
-I: Adding <AMBERHOME>/dat/leap/parm to search path.
-I: Adding <AMBERHOME>/dat/leap/cmd to search path.
-f: Source leap.in.

Welcome to LEaP!
(no leaprc in search path)
Sourcing: ./leap.in
----- Source: <AMBERHOME>/dat/leap/cmd/leaprc.gaff2
----- Source of <AMBERHOME>/dat/leap/cmd/leaprc.gaff2 done
Log file: ./leap.log
Loading parameters: <AMBERHOME>/dat/leap/parm/gaff2.dat
Reading title:
AMBER General Force Field for organic molecules (Version 2.2.20, March 2021)
Using H(N)-modified Bondi radii
Loading parameters: ./gaff2.frcmod
Reading force field modification type file (frcmod)
Reading title:
Remark line goes here
Loading Mol2 file: ./gaff2.mol2
Reading MOLECULE named UNK
Checking 'MOL'....
Checking parameters for unit 'MOL'.
Checking for bond parameters.
Checking for angle parameters.
Unit is OK.
Checking Unit.
Building topology.
Building atom parameters.
Building bond parameters.
Building angle parameters.
Building proper torsion parameters.
Building improper torsion parameters.
 total 0 improper torsions applied
Building H-Bond parameters.
Incorporating Non-Bonded adjustments.
Not Marking per-residue atom chain types.
Marking per-residue atom chain types.
  (Residues lacking connect0/connect1 - 
   these don't have chain types marked:

	res	total affected

	UNK	1
  )
 (no restraints)
Writing pdb file: molecule.pdb
	Quit

Exiting LEaP: Errors = 0; Warnings = 0; Notes = 0.
